<!DOCTYPE html>
<html lang="en-US">
 <head>
  <meta charset="utf-8"/>
  <meta content="IE=edge" http-equiv="X-UA-Compatible"/>
  <meta content="width=device-width, initial-scale=1" name="viewport"/>
  <!-- Begin Jekyll SEO tag v2.8.0 -->
  <title>
   gas159.github.io
  </title>
  <meta content="Jekyll v3.9.2" name="generator">
   <meta content="gas159.github.io" property="og:title">
    <meta content="en_US" property="og:locale">
     <link href="gas159-github-io_files/gas159-github-io.html" rel="canonical"/>
     <meta content="https://gas159.github.io/" property="og:url"/>
     <meta content="gas159.github.io" property="og:site_name"/>
     <meta content="website" property="og:type"/>
     <meta content="summary" name="twitter:card"/>
     <meta content="gas159.github.io" property="twitter:title"/>
     <script type="application/ld+json">
      {"@context":"https://schema.org","@type":"WebSite","headline":"gas159.github.io","name":"gas159.github.io","url":"https://gas159.github.io/"}
     </script>
     <!-- End Jekyll SEO tag -->
     <link href="gas159-github-io_files/gas159-github-io-assets-css-style.css" rel="stylesheet"/>
     <!-- start custom head snippets, customize with your own _includes/head-custom.html file -->
     <!-- Setup Google Analytics -->
     <!-- You can set your favicon here -->
     <!-- link rel="shortcut icon" type="image/x-icon" href="/favicon.ico" -->
     <!-- end custom head snippets -->
    </meta>
   </meta>
  </meta>
 </head>
 <body>
  <div class="container-lg px-3 my-5 markdown-body">
  <script src="gas159-github-io_files/gas159-github-io-assets-scripts.js">
   <h1>
    <a href="https://gas159.github.io/">
     gas159.github.io
    </a>
   </h1>
   <p>
    &lt;!DOCTYPE html&gt;
   </p>
   <html lang="ru">
    <head>
     <meta charset="utf-8"/>
     <title>
      Курсы по программированию Хекслет
     </title>
    </head>
    <body>
     <img alt="Иконка профессии Node.js-программист" src="gas159-github-io_files/gas159-github-io-images-poster.jpg"/>
     <h3>
      <a href="/professions/nodejs">
       Node.js-программист
      </a>
     </h3>
     <p>
      1here some text :)
     </p>
    </body>
   </html>
  </div>
  <script crossorigin="anonymous" integrity="sha256-lZaRhKri35AyJSypXXs4o6OPFTbTmUoltBbDCbdzegg=" src="https://cdnjs.cloudflare.com/ajax/libs/anchor-js/4.1.0/anchor.min.js">
  </script>
  <script>
   anchors.add();
  </script>
 </body>
</html>
